// Jest Snapshot v1, https://goo.gl/fbAQLP

exports[`Visual Regression Tests Page Layouts Account page renders consistently: account-page 1`] = `
<main
  class="container"
>
  <nav
    class="top-nav"
  >
    <a
      class="nav-item "
      href="/"
    >
      + Add
    </a>
    <a
      class="nav-item "
      href="/history"
    >
      History
    </a>
    <a
      class="nav-item "
      href="/ideas"
    >
      Ideas
    </a>
    <a
      class="nav-item active"
      href="/account"
    >
      Data
    </a>
  </nav>
  <h1>
    Data Management
  </h1>
  <section
    class="data-section"
  >
    <h2>
      Cloud Backup
    </h2>
    <div
      class="backup-status-card"
    >
      <div
        class="loading"
      >
        Loading backup status...
      </div>
    </div>
    <div
      class="backup-description"
    >
      <p>
        Your data is automatically backed up to Firebase Cloud weekly when you're online. Manual backups can be triggered anytime from the backup status above.
      </p>
    </div>
  </section>
  <section
    class="data-section"
  >
    <div
      class="section-header"
    >
      <h2>
        Enhanced Data Management
      </h2>
      <span
        class="expand-icon "
      >
        ▼
      </span>
    </div>
  </section>
  <div
    class="info-note"
  >
    <p>
      <strong>
        Note:
      </strong>
       The enhanced data management system above provides comprehensive backup and restore capabilities. Your data is now safer with automatic weekly backups and advanced import/export options.
    </p>
  </div>
</main>
`;
